// Jest Snapshot v1, https://goo.gl/fbAQLP

exports[`<CounterPage/> test correct snapshot 1`] = `
{
  "asFragment": [Function],
  "baseElement": <body>
    <div>
      <div
        class="container"
        data-testid="counter-page"
      >
        <div
          class="value"
          data-testid="value"
        >
          <span>
            value: 
          </span>
          0
        </div>
        <button
          data-testid="increment-button"
        >
          increment
        </button>
        <button
          data-testid="decrement-button"
        >
          decrement
        </button>
        <button
          data-testid="increment-by-amount-button"
        >
          increment by amount
        </button>
        <input
          data-testid="input-range"
          max="100"
          min="0"
          type="range"
          value="0"
        />
        <div
          class="rangeValue"
          data-testid="value-range"
        >
          0
        </div>
      </div>
    </div>
  </body>,
  "container": <div>
    <div
      class="container"
      data-testid="counter-page"
    >
      <div
        class="value"
        data-testid="value"
      >
        <span>
          value: 
        </span>
        0
      </div>
      <button
        data-testid="increment-button"
      >
        increment
      </button>
      <button
        data-testid="decrement-button"
      >
        decrement
      </button>
      <button
        data-testid="increment-by-amount-button"
      >
        increment by amount
      </button>
      <input
        data-testid="input-range"
        max="100"
        min="0"
        type="range"
        value="0"
      />
      <div
        class="rangeValue"
        data-testid="value-range"
      >
        0
      </div>
    </div>
  </div>,
  "debug": [Function],
  "findAllByAltText": [Function],
  "findAllByDisplayValue": [Function],
  "findAllByLabelText": [Function],
  "findAllByPlaceholderText": [Function],
  "findAllByRole": [Function],
  "findAllByTestId": [Function],
  "findAllByText": [Function],
  "findAllByTitle": [Function],
  "findByAltText": [Function],
  "findByDisplayValue": [Function],
  "findByLabelText": [Function],
  "findByPlaceholderText": [Function],
  "findByRole": [Function],
  "findByTestId": [Function],
  "findByText": [Function],
  "findByTitle": [Function],
  "getAllByAltText": [Function],
  "getAllByDisplayValue": [Function],
  "getAllByLabelText": [Function],
  "getAllByPlaceholderText": [Function],
  "getAllByRole": [Function],
  "getAllByTestId": [Function],
  "getAllByText": [Function],
  "getAllByTitle": [Function],
  "getByAltText": [Function],
  "getByDisplayValue": [Function],
  "getByLabelText": [Function],
  "getByPlaceholderText": [Function],
  "getByRole": [Function],
  "getByTestId": [Function],
  "getByText": [Function],
  "getByTitle": [Function],
  "queryAllByAltText": [Function],
  "queryAllByDisplayValue": [Function],
  "queryAllByLabelText": [Function],
  "queryAllByPlaceholderText": [Function],
  "queryAllByRole": [Function],
  "queryAllByTestId": [Function],
  "queryAllByText": [Function],
  "queryAllByTitle": [Function],
  "queryByAltText": [Function],
  "queryByDisplayValue": [Function],
  "queryByLabelText": [Function],
  "queryByPlaceholderText": [Function],
  "queryByRole": [Function],
  "queryByTestId": [Function],
  "queryByText": [Function],
  "queryByTitle": [Function],
  "rerender": [Function],
  "store": {
    "@@observable": [Function],
    "dispatch": [Function],
    "getState": [Function],
    "replaceReducer": [Function],
    "subscribe": [Function],
  },
  "unmount": [Function],
}
`;
